// Jest Snapshot v1, https://goo.gl/fbAQLP

exports[`<Stats/> should renders correctly 1`] = `
<div
  class="container"
>
  <div
    class="unit"
  >
    <a
      class="label"
      data-testid="userTracksLink"
      href="/users/5/tracks"
    >
      Tracks
    </a>
    <span
      class="count"
    >
      0
    </span>
  </div>
  <div
    class="unit"
  >
    <a
      class="label"
      data-testid="userLikedTracksLink"
      href="/users/5/liked"
    >
      Likes
    </a>
    <span
      class="count"
    >
      0
    </span>
  </div>
  <div
    class="unit"
  >
    <div
      class="label"
    >
      Followers
    </div>
    <span
      class="count"
    >
      0
    </span>
  </div>
  <div
    class="unit"
  >
    <div
      class="label"
    >
      Followings
    </div>
    <span
      class="count"
    >
      0
    </span>
  </div>
</div>
`;
