// Jest Snapshot v1, https://goo.gl/fbAQLP

exports[`Test SubHeader should renders correctly 1`] = `
<div
  class="subHeader"
>
  <div
    class="container"
  >
    <div
      class="section"
      data-testid="subHeaderSection"
    >
      <div>
        Section
      </div>
      <span>
         /
      </span>
    </div>
    <h1
      class="title"
      data-testid="subHeaderTitle"
    >
      Favorite
    </h1>
    <div
      data-testid="subHeaderChildren"
    >
      Children
    </div>
  </div>
</div>
`;
